\set ECHO none
 ?column? 
----------
 t
(1 row)

 ?column? 
----------
 t
(1 row)

 ?column? 
----------
 t
(1 row)

